Last login: Fri Feb 27 13:56:30 on ttys000
yoorihan@yrMBA13 ~ % cd \Desktop\ComIT
cd: no such file or directory: DesktopComIT
yoorihan@yrMBA13 ~ % cd \Desktop      
yoorihan@yrMBA13 Desktop % cd \ComIT  
yoorihan@yrMBA13 ComIT % cd \05-FEB26
yoorihan@yrMBA13 05-FEB26 % git clone https://github.com/lazy-h-null/python-beginner-challenges.git
Cloning into 'python-beginner-challenges'...
warning: You appear to have cloned an empty repository.
yoorihan@yrMBA13 05-FEB26 % cd python-beginner-challenges
yoorihan@yrMBA13 python-beginner-challenges % touch README.md
yoorihan@yrMBA13 python-beginner-challenges % code .
zsh: command not found: code
yoorihan@yrMBA13 python-beginner-challenges % code .
yoorihan@yrMBA13 python-beginner-challenges % git add README.md
yoorihan@yrMBA13 python-beginner-challenges % git commit -m "docs: initialise README with challenge tracker"
[main (root-commit) ebd8c7d] docs: initialise README with challenge tracker
 1 file changed, 15 insertions(+)
 create mode 100644 README.md
yoorihan@yrMBA13 python-beginner-challenges % git push origin main
Enumerating objects: 3, done.
Counting objects: 100% (3/3), done.
Delta compression using up to 8 threads
Compressing objects: 100% (2/2), done.
Writing objects: 100% (3/3), 548 bytes | 548.00 KiB/s, done.
Total 3 (delta 0), reused 0 (delta 0), pack-reused 0 (from 0)
To https://github.com/lazy-h-null/python-beginner-challenges.git
yoorihan@yrMBA13 python-beginner-challenges % git checkout -b challenge/01-greeting
Switched to a new branch 'challenge/01-greeting'
yoorihan@yrMBA13 python-beginner-challenges % python3 challenge_01_greeting.py
Enter your first name: Yoori
Enter your last name: Han
Hello, Yoori Han! Welcome to Python.
yoorihan@yrMBA13 python-beginner-challenges % mkdir screenshots
yoorihan@yrMBA13 python-beginner-challenges % git add .
yoorihan@yrMBA13 python-beginner-challenges % git commit -m "feat: solve challenge 01 - personalised greeting"
[challenge/01-greeting 81ff7a3] feat: solve challenge 01 - personalised greeting
 3 files changed, 14 insertions(+), 1 deletion(-)
 create mode 100644 challenge_01_greeting.py
 create mode 100644 screenshots/challenge_01_output.png
yoorihan@yrMBA13 python-beginner-challenges % git push origin challenge/01-greeting
Enumerating objects: 8, done.
Counting objects: 100% (8/8), done.
Delta compression using up to 8 threads
Compressing objects: 100% (6/6), done.
Writing objects: 100% (6/6), 139.20 KiB | 19.89 MiB/s, done.
Total 6 (delta 1), reused 0 (delta 0), pack-reused 0 (from 0)
remote: Resolving deltas: 100% (1/1), completed with 1 local object.
remote: 
remote: Create a pull request for 'challenge/01-greeting' on GitHub by visiting:
remote:      https://github.com/lazy-h-null/python-beginner-challenges/pull/new/challenge/01-greeting
remote: 
To https://github.com/lazy-h-null/python-beginner-challenges.git
 * [new branch]      challenge/01-greeting -> challenge/01-greeting
yoorihan@yrMBA13 python-beginner-challenges % git checkout main
Switched to branch 'main'
Your branch is up to date with 'origin/main'.
yoorihan@yrMBA13 python-beginner-challenges % git pull origin main
remote: Enumerating objects: 1, done.
remote: Counting objects: 100% (1/1), done.
remote: Total 1 (delta 0), reused 0 (delta 0), pack-reused 0 (from 0)
Unpacking objects: 100% (1/1), 928 bytes | 309.00 KiB/s, done.
From https://github.com/lazy-h-null/python-beginner-challenges
 * branch            main       -> FETCH_HEAD
   ebd8c7d..5099ce5  main       -> origin/main
Updating ebd8c7d..5099ce5
Fast-forward
 README.md                           |  12 +++++++++++-
 challenge_01_greeting.py            |   3 +++
 screenshots/challenge_01_output.png | Bin 0 -> 143206 bytes
 3 files changed, 14 insertions(+), 1 deletion(-)
 create mode 100644 challenge_01_greeting.py
 create mode 100644 screenshots/challenge_01_output.png
yoorihan@yrMBA13 python-beginner-challenges % ls  
README.md			challenge_01_greeting.py	screenshots
yoorihan@yrMBA13 python-beginner-challenges % git checkout -b challenge/02-age-calculator
Switched to a new branch 'challenge/02-age-calculator'
yoorihan@yrMBA13 python-beginner-challenges % cp ../challenge_02_age_calculator.py .
yoorihan@yrMBA13 python-beginner-challenges % python3 challenge_02_age_calculator.py
Enter your birth year: 1989
You are approximately 36 years old.
yoorihan@yrMBA13 python-beginner-challenges % git add .
yoorihan@yrMBA13 python-beginner-challenges % git commit -m "feat: solve challenge 02 - age calculator"
[challenge/02-age-calculator 6879368] feat: solve challenge 02 - age calculator
 3 files changed, 15 insertions(+), 1 deletion(-)
 create mode 100644 challenge_02_age_calculator.py
 create mode 100644 screenshots/challenge_02_output.png
yoorihan@yrMBA13 python-beginner-challenges % git push origin challenge/02-age-calculator
Enumerating objects: 9, done.
Counting objects: 100% (9/9), done.
Delta compression using up to 8 threads
Compressing objects: 100% (6/6), done.
Writing objects: 100% (6/6), 118.53 KiB | 19.75 MiB/s, done.
Total 6 (delta 1), reused 0 (delta 0), pack-reused 0 (from 0)
remote: Resolving deltas: 100% (1/1), completed with 1 local object.
remote: 
remote: Create a pull request for 'challenge/02-age-calculator' on GitHub by visiting:
remote:      https://github.com/lazy-h-null/python-beginner-challenges/pull/new/challenge/02-age-calculator
remote: 
To https://github.com/lazy-h-null/python-beginner-challenges.git
 * [new branch]      challenge/02-age-calculator -> challenge/02-age-calculator
yoorihan@yrMBA13 python-beginner-challenges % git checkout main
Switched to branch 'main'
Your branch is up to date with 'origin/main'.
yoorihan@yrMBA13 python-beginner-challenges % git pull origin main
remote: Enumerating objects: 1, done.
remote: Counting objects: 100% (1/1), done.
remote: Total 1 (delta 0), reused 0 (delta 0), pack-reused 0 (from 0)
Unpacking objects: 100% (1/1), 923 bytes | 307.00 KiB/s, done.
From https://github.com/lazy-h-null/python-beginner-challenges
 * branch            main       -> FETCH_HEAD
   5099ce5..552582e  main       -> origin/main
Updating 5099ce5..552582e
Fast-forward
 README.md                           |  12 +++++++++++-
 challenge_02_age_calculator.py      |   4 ++++
 screenshots/challenge_02_output.png | Bin 0 -> 121512 bytes
 3 files changed, 15 insertions(+), 1 deletion(-)
 create mode 100644 challenge_02_age_calculator.py
 create mode 100644 screenshots/challenge_02_output.png
yoorihan@yrMBA13 python-beginner-challenges % git checkout -b challenge/03-emperature-converter
Switched to a new branch 'challenge/03-emperature-converter'
yoorihan@yrMBA13 python-beginner-challenges % cp ../challenge_03_temperatuer_converter.py challenge_03_temperature_converter.py
yoorihan@yrMBA13 python-beginner-challenges % python3 challenge_03_temperature_converter.py
Enter temperature in Celsius: 8
8.0°C is equal to 46.40°F
yoorihan@yrMBA13 python-beginner-challenges % git add .
yoorihan@yrMBA13 python-beginner-challenges % git commit -m "feat: solve challenge 03 - temperature converter"
[challenge/03-emperature-converter 4f0f338] feat: solve challenge 03 - temperature converter
 3 files changed, 14 insertions(+), 1 deletion(-)
 create mode 100644 challenge_03_temperature_converter.py
 create mode 100644 screenshots/challenge_03_output.png
yoorihan@yrMBA13 python-beginner-challenges % git push origin challenge/03-temperature-converter
error: src refspec challenge/03-temperature-converter does not match any
error: failed to push some refs to 'https://github.com/lazy-h-null/python-beginner-challenges.git'
yoorihan@yrMBA13 python-beginner-challenges % git brance -m challenge/03-temperature-converter  
git: 'brance' is not a git command. See 'git --help'.

The most similar command is
	branch
yoorihan@yrMBA13 python-beginner-challenges % git push origin challenge/03-temperature-converter
error: src refspec challenge/03-temperature-converter does not match any
error: failed to push some refs to 'https://github.com/lazy-h-null/python-beginner-challenges.git'
yoorihan@yrMBA13 python-beginner-challenges % git branch -m challenge/03-temperature-converter 
yoorihan@yrMBA13 python-beginner-challenges % git push origin challenge/03-temperature-converter
Enumerating objects: 9, done.
Counting objects: 100% (9/9), done.
Delta compression using up to 8 threads
Compressing objects: 100% (6/6), done.
Writing objects: 100% (6/6), 122.32 KiB | 17.47 MiB/s, done.
Total 6 (delta 1), reused 0 (delta 0), pack-reused 0 (from 0)
remote: Resolving deltas: 100% (1/1), completed with 1 local object.
remote: 
remote: Create a pull request for 'challenge/03-temperature-converter' on GitHub by visiting:
remote:      https://github.com/lazy-h-null/python-beginner-challenges/pull/new/challenge/03-temperature-converter
remote: 
To https://github.com/lazy-h-null/python-beginner-challenges.git
 * [new branch]      challenge/03-temperature-converter -> challenge/03-temperature-converter
yoorihan@yrMBA13 python-beginner-challenges % git checkout main
Switched to branch 'main'
Your branch is up to date with 'origin/main'.
yoorihan@yrMBA13 python-beginner-challenges % git pull origin main
remote: Enumerating objects: 1, done.
remote: Counting objects: 100% (1/1), done.
remote: Total 1 (delta 0), reused 0 (delta 0), pack-reused 0 (from 0)
Unpacking objects: 100% (1/1), 928 bytes | 232.00 KiB/s, done.
From https://github.com/lazy-h-null/python-beginner-challenges
 * branch            main       -> FETCH_HEAD
   552582e..7a245b0  main       -> origin/main
Updating 552582e..7a245b0
Fast-forward
 README.md                             |  12 +++++++++++-
 challenge_03_temperature_converter.py |   3 +++
 screenshots/challenge_03_output.png   | Bin 0 -> 126089 bytes
 3 files changed, 14 insertions(+), 1 deletion(-)
 create mode 100644 challenge_03_temperature_converter.py
 create mode 100644 screenshots/challenge_03_output.png
yoorihan@yrMBA13 python-beginner-challenges % git checkout -b challenge/04-shopping-receipt
Switched to a new branch 'challenge/04-shopping-receipt'
yoorihan@yrMBA13 python-beginner-challenges % cp ../challenge_04_shopping_receipt.py .
yoorihan@yrMBA13 python-beginner-challenges % python3 challenge_04_shopping_receipt.py
Enter item 1 name: onion
Enter price of onion: 5
Enter item 2 name: carrot
Enter price of carrot: 3
Enter item 3 name: apple
Enter price of apple: 1

---------------------
 onion      $  5.00
 carrot     $  3.00
 apple      $  1.00
---------------------
 TOTAL          $  9.00
yoorihan@yrMBA13 python-beginner-challenges % git add .
yoorihan@yrMBA13 python-beginner-challenges % git commit -m "feat: solve challenge 04 - shopping receipt"
[challenge/04-shopping-receipt fdd3b88] feat: solve challenge 04 - shopping receipt
 3 files changed, 28 insertions(+), 1 deletion(-)
 create mode 100644 challenge_04_shopping_receipt.py
 create mode 100644 screenshots/challenge_04_output.png
yoorihan@yrMBA13 python-beginner-challenges % git push origin challenge/04-shopping-receipt
Enumerating objects: 9, done.
Counting objects: 100% (9/9), done.
Delta compression using up to 8 threads
Compressing objects: 100% (6/6), done.
Writing objects: 100% (6/6), 320.80 KiB | 20.05 MiB/s, done.
Total 6 (delta 2), reused 0 (delta 0), pack-reused 0 (from 0)
remote: Resolving deltas: 100% (2/2), completed with 2 local objects.
remote: 
remote: Create a pull request for 'challenge/04-shopping-receipt' on GitHub by visiting:
remote:      https://github.com/lazy-h-null/python-beginner-challenges/pull/new/challenge/04-shopping-receipt
remote: 
To https://github.com/lazy-h-null/python-beginner-challenges.git
 * [new branch]      challenge/04-shopping-receipt -> challenge/04-shopping-receipt
yoorihan@yrMBA13 python-beginner-challenges % git checkout main
Switched to branch 'main'
Your branch is up to date with 'origin/main'.
yoorihan@yrMBA13 python-beginner-challenges % git pull origin main
remote: Enumerating objects: 1, done.
remote: Counting objects: 100% (1/1), done.
remote: Total 1 (delta 0), reused 0 (delta 0), pack-reused 0 (from 0)
Unpacking objects: 100% (1/1), 927 bytes | 463.00 KiB/s, done.
From https://github.com/lazy-h-null/python-beginner-challenges
 * branch            main       -> FETCH_HEAD
   7a245b0..714c634  main       -> origin/main
Updating 7a245b0..714c634
Fast-forward
 README.md                           |  12 +++++++++++-
 challenge_04_shopping_receipt.py    |  17 +++++++++++++++++
 screenshots/challenge_04_output.png | Bin 0 -> 335282 bytes
 3 files changed, 28 insertions(+), 1 deletion(-)
 create mode 100644 challenge_04_shopping_receipt.py
 create mode 100644 screenshots/challenge_04_output.png
yoorihan@yrMBA13 python-beginner-challenges % git checkout -b challenge/05-profile-card
Switched to a new branch 'challenge/05-profile-card'
yoorihan@yrMBA13 python-beginner-challenges % cp ../challenge_05_profile_card.py .
yoorihan@yrMBA13 python-beginner-challenges % python3 challenge_05_profile_card.py
Enter your name: Yoori
Enter your age: 36 
Enter your height in meters: 1.7
Enter your favourite number: 3

================================
        YOUR PROFILE CARD
================================
 Name:              Yoori
 Age:               36 years
 Height:            1.7m (170cm)
 Favourite Number:  3
================================
yoorihan@yrMBA13 python-beginner-challenges % git add .
yoorihan@yrMBA13 python-beginner-challenges % git commit -m "feat: solve challenge 05 - profile card"
[challenge/05-profile-card cd19b1b] feat: solve challenge 05 - profile card
 3 files changed, 26 insertions(+), 1 deletion(-)
 create mode 100644 challenge_05_profile_card.py
 create mode 100644 screenshots/challenge_05_output.png
yoorihan@yrMBA13 python-beginner-challenges % git push origin challenge/05-profile-card            
Enumerating objects: 9, done.
Counting objects: 100% (9/9), done.
Delta compression using up to 8 threads
Compressing objects: 100% (6/6), done.
Writing objects: 100% (6/6), 311.51 KiB | 20.77 MiB/s, done.
Total 6 (delta 3), reused 0 (delta 0), pack-reused 0 (from 0)
remote: Resolving deltas: 100% (3/3), completed with 3 local objects.
remote: 
remote: Create a pull request for 'challenge/05-profile-card' on GitHub by visiting:
remote:      https://github.com/lazy-h-null/python-beginner-challenges/pull/new/challenge/05-profile-card
remote: 
To https://github.com/lazy-h-null/python-beginner-challenges.git
 * [new branch]      challenge/05-profile-card -> challenge/05-profile-card
yoorihan@yrMBA13 python-beginner-challenges % git checkout main
Switched to branch 'main'
Your branch is up to date with 'origin/main'.
yoorihan@yrMBA13 python-beginner-challenges % git pull origin main
remote: Enumerating objects: 1, done.
remote: Counting objects: 100% (1/1), done.
remote: Total 1 (delta 0), reused 0 (delta 0), pack-reused 0 (from 0)
Unpacking objects: 100% (1/1), 925 bytes | 308.00 KiB/s, done.
From https://github.com/lazy-h-null/python-beginner-challenges
 * branch            main       -> FETCH_HEAD
   714c634..2b4f327  main       -> origin/main
Updating 714c634..2b4f327
Fast-forward
 README.md                           |  12 +++++++++++-
 challenge_05_profile_card.py        |  15 +++++++++++++++
 screenshots/challenge_05_output.png | Bin 0 -> 324112 bytes
 3 files changed, 26 insertions(+), 1 deletion(-)
 create mode 100644 challenge_05_profile_card.py
 create mode 100644 screenshots/challenge_05_output.png
yoorihan@yrMBA13 python-beginner-challenges % ls
README.md				challenge_04_shopping_receipt.py
challenge_01_greeting.py		challenge_05_profile_card.py
challenge_02_age_calculator.py		screenshots
challenge_03_temperature_converter.py
yoorihan@yrMBA13 python-beginner-challenges % 
